TAP version 13
# Subtest: host lifecycle sources are explicit opt-in and supervise one owner
ok 1 - host lifecycle sources are explicit opt-in and supervise one owner
  ---
  duration_ms: 4.113998
  type: 'test'
  ...
# Subtest: client process exit does not stop the detached owner or its autonomous run
ok 2 - client process exit does not stop the detached owner or its autonomous run
  ---
  duration_ms: 549.705865
  type: 'test'
  ...
# Subtest: detached owner progresses a multi-card dynamic run after explicit checkpoint admission
ok 3 - detached owner progresses a multi-card dynamic run after explicit checkpoint admission
  ---
  duration_ms: 452.947337
  type: 'test'
  ...
# Subtest: SIGKILL leaves a stale endpoint and same-boot restart resumes the durable effect
ok 4 - SIGKILL leaves a stale endpoint and same-boot restart resumes the durable effect
  ---
  duration_ms: 334.869422
  type: 'test'
  ...
# Subtest: competing clients can query and watch without acquiring owner authority
ok 5 - competing clients can query and watch without acquiring owner authority
  ---
  duration_ms: 170.50523
  type: 'test'
  ...
# Subtest: owner refuses to touch a socket without durable mutation authority
ok 6 - owner refuses to touch a socket without durable mutation authority
  ---
  duration_ms: 2.252547
  type: 'test'
  ...
# Subtest: owner preserves a live socket when its endpoint is missing
ok 7 - owner preserves a live socket when its endpoint is missing
  ---
  duration_ms: 3.371932
  type: 'test'
  ...
# Subtest: detached startup reports a child socket failure without waiting for timeout
ok 8 - detached startup reports a child socket failure without waiting for timeout
  ---
  duration_ms: 74.749451
  type: 'test'
  ...
# Subtest: endpoint publication is exclusive and a competing owner cannot replace it
ok 9 - endpoint publication is exclusive and a competing owner cannot replace it
  ---
  duration_ms: 5.515546
  type: 'test'
  ...
# Subtest: stale cleanup preserves an endpoint replaced during the identity check
ok 10 - stale cleanup preserves an endpoint replaced during the identity check
  ---
  duration_ms: 1.453756
  type: 'test'
  ...
# Subtest: owner rejects a precreated symlink fallback directory
ok 11 - owner rejects a precreated symlink fallback directory
  ---
  duration_ms: 2.104632
  type: 'test'
  ...
# Subtest: root-owned ancestor symlinks resolve for owner and transport
ok 12 - root-owned ancestor symlinks resolve for owner and transport
  ---
  duration_ms: 2.969415
  type: 'test'
  ...
# Subtest: transport rejects a controlled socket leaf symlink
ok 13 - transport rejects a controlled socket leaf symlink
  ---
  duration_ms: 0.991799
  type: 'test'
  ...
# Subtest: fallback validates the XDG runtime root, ownership, mode, and traversal
ok 14 - fallback validates the XDG runtime root, ownership, mode, and traversal
  ---
  duration_ms: 3.771051
  type: 'test'
  ...
# Subtest: fallback rejects a symlinked XDG runtime component before chmod
ok 15 - fallback rejects a symlinked XDG runtime component before chmod
  ---
  duration_ms: 0.966261
  type: 'test'
  ...
# Subtest: detached startup preserves the bounded fallback path across the child boundary
ok 16 - detached startup preserves the bounded fallback path across the child boundary
  ---
  duration_ms: 89.682999
  type: 'test'
  ...
# Subtest: malformed, multiple, and oversized frames fail closed with bounded errors
ok 17 - malformed, multiple, and oversized frames fail closed with bounded errors
  ---
  duration_ms: 3.851612
  type: 'test'
  ...
# Subtest: watch rejects an oversized incomplete server frame without buffering unbounded data
ok 18 - watch rejects an oversized incomplete server frame without buffering unbounded data
  ---
  duration_ms: 1.60747
  type: 'test'
  ...
# Subtest: watch accepts one chunk containing multiple individually valid frames
ok 19 - watch accepts one chunk containing multiple individually valid frames
  ---
  duration_ms: 6.680777
  type: 'test'
  ...
# Subtest: public CLI sends all five FlowRuntime operations over one versioned transport
ok 20 - public CLI sends all five FlowRuntime operations over one versioned transport
  ---
  duration_ms: 4.561107
  type: 'test'
  ...
# Subtest: public FlowRuntime clients expose exactly the five versioned operations
ok 21 - public FlowRuntime clients expose exactly the five versioned operations
  ---
  duration_ms: 0.120284
  type: 'test'
  ...
# Subtest: owner tightens pre-existing endpoint and socket parent permissions
ok 22 - owner tightens pre-existing endpoint and socket parent permissions
  ---
  duration_ms: 2.252607
  type: 'test'
  ...
# Subtest: CLI transport failures keep their bounded result shape for null requests
ok 23 - CLI transport failures keep their bounded result shape for null requests
  ---
  duration_ms: 0.81455
  type: 'test'
  ...
# Subtest: CLI rejects an extra positional value after an input flag
ok 24 - CLI rejects an extra positional value after an input flag
  ---
  duration_ms: 0.211603
  type: 'test'
  ...
# Subtest: public lifecycle commands use disposable owner state
ok 25 - public lifecycle commands use disposable owner state
  ---
  duration_ms: 113.325514
  type: 'test'
  ...
# Subtest: detached owner forwards runner capacity and exposes it through flow status
ok 26 - detached owner forwards runner capacity and exposes it through flow status
  ---
  duration_ms: 223.909595
  type: 'test'
  ...
# Subtest: owner persists bounded private sanitized runner errors
ok 27 - owner persists bounded private sanitized runner errors
  ---
  duration_ms: 10.103693
  type: 'test'
  ...
# Subtest: process identity fallback supports /proc-less hosts and fences reused PIDs
ok 28 - process identity fallback supports /proc-less hosts and fences reused PIDs
  ---
  duration_ms: 2.56151
  type: 'test'
  ...
# Subtest: detached start replaces a reused-PID endpoint without signalling that PID
ok 29 - detached start replaces a reused-PID endpoint without signalling that PID
  ---
  duration_ms: 109.351035
  type: 'test'
  ...
# Subtest: owner start fails closed when an existing PID identity cannot be read
ok 30 - owner start fails closed when an existing PID identity cannot be read
  ---
  duration_ms: 2.841319
  type: 'test'
  ...
# Subtest: long explicit socket paths are reduced to an AF_UNIX-safe endpoint
ok 31 - long explicit socket paths are reduced to an AF_UNIX-safe endpoint
  ---
  duration_ms: 0.193148
  type: 'test'
  ...
# Subtest: a malformed endpoint is invalid rather than a stopped owner
ok 32 - a malformed endpoint is invalid rather than a stopped owner
  ---
  duration_ms: 1.428097
  type: 'test'
  ...
# Subtest: watch carries watermarks and returns the server iterator on client disconnect
ok 33 - watch carries watermarks and returns the server iterator on client disconnect
  ---
  duration_ms: 13.146174
  type: 'test'
  ...
1..33
# tests 33
# suites 0
# pass 33
# fail 0
# cancelled 0
# skipped 0
# todo 0
# duration_ms 2276.108851
