TAP version 13
# (node:356421) ExperimentalWarning: SQLite is an experimental feature and might change at any time
# (Use `node --trace-warnings ...` to show where the warning was created)
# Subtest: public prepare withholds dark opt-in when qualification is failed
ok 1 - public prepare withholds dark opt-in when qualification is failed
  ---
  duration_ms: 48.827182
  type: 'test'
  ...
# Subtest: public prepare withholds dark opt-in when qualification is blocked
ok 2 - public prepare withholds dark opt-in when qualification is blocked
  ---
  duration_ms: 30.910753
  type: 'test'
  ...
# Subtest: public prepare withholds dark opt-in when qualification is not_run
ok 3 - public prepare withholds dark opt-in when qualification is not_run
  ---
  duration_ms: 28.483081
  type: 'test'
  ...
# Subtest: public launch withholds dark opt-in when qualification has a defect
ok 4 - public launch withholds dark opt-in when qualification has a defect
  ---
  duration_ms: 28.63856
  type: 'test'
  ...
# Subtest: public prepare withholds tampered transition evidence from its configured authority
ok 5 - public prepare withholds tampered transition evidence from its configured authority
  ---
  duration_ms: 29.001663
  type: 'test'
  ...
# Subtest: public prepare withholds dark opt-in when production route qualification is failed
ok 6 - public prepare withholds dark opt-in when production route qualification is failed
  ---
  duration_ms: 23.654089
  type: 'test'
  ...
# Subtest: public prepare withholds dark opt-in when production route qualification is blocked
ok 7 - public prepare withholds dark opt-in when production route qualification is blocked
  ---
  duration_ms: 25.005052
  type: 'test'
  ...
# Subtest: public prepare withholds dark opt-in when production route qualification is not_run
ok 8 - public prepare withholds dark opt-in when production route qualification is not_run
  ---
  duration_ms: 24.884619
  type: 'test'
  ...
# Subtest: public module imports cannot mint phase-two generation authority
ok 9 - public module imports cannot mint phase-two generation authority
  ---
  duration_ms: 744.88339
  type: 'test'
  ...
# Subtest: public admission withholds qualification captured on another host
ok 10 - public admission withholds qualification captured on another host
  ---
  duration_ms: 790.67852
  type: 'test'
  ...
# Subtest: public dynamic prepare requires explicit dark opt-in
ok 11 - public dynamic prepare requires explicit dark opt-in
  ---
  duration_ms: 3.659295
  type: 'test'
  ...
# Subtest: public dynamic plans cannot classify a mixed feature and push graph as feature verify
ok 12 - public dynamic plans cannot classify a mixed feature and push graph as feature verify
  ---
  duration_ms: 2.816583
  type: 'test'
  ...
# Subtest: public feature verify rejects an exact-definition graph with a registered push executor
ok 13 - public feature verify rejects an exact-definition graph with a registered push executor
  ---
  duration_ms: 3.429319
  type: 'test'
  ...
# Subtest: public dynamic prepare with opt-in is unsupported
ok 14 - public dynamic prepare with opt-in is unsupported
  ---
  duration_ms: 2.885129
  type: 'test'
  ...
# Subtest: public launch with opt-in rejects a prepared dynamic plan
ok 15 - public launch with opt-in rejects a prepared dynamic plan
  ---
  duration_ms: 4.505244
  type: 'test'
  ...
# Subtest: public prepare requires explicit dark opt-in and classifies disabled scope
ok 16 - public prepare requires explicit dark opt-in and classifies disabled scope
  ---
  duration_ms: 4.927527
  type: 'test'
  ...
# Subtest: public launch cannot bypass disabled or unsupported release routes
ok 17 - public launch cannot bypass disabled or unsupported release routes
  ---
  duration_ms: 4.350616
  type: 'test'
  ...
# Subtest: public dark feature verify fails closed when its production operation is unavailable
ok 18 - public dark feature verify fails closed when its production operation is unavailable
  ---
  duration_ms: 2.550519
  type: 'test'
  ...
# Subtest: public local review rejects forged extra operation and delegate cards before launch
ok 19 - public local review rejects forged extra operation and delegate cards before launch
  ---
  duration_ms: 3.129763
  type: 'test'
  ...
# Subtest: public verify plans requiring unavailable setup or test operations are rejected before launch
ok 20 - public verify plans requiring unavailable setup or test operations are rejected before launch
  ---
  duration_ms: 3.081583
  type: 'test'
  ...
1..20
# tests 20
# suites 0
# pass 20
# fail 0
# cancelled 0
# skipped 0
# todo 0
# duration_ms 1907.95357
