TAP version 13
# (node:1571525) ExperimentalWarning: SQLite is an experimental feature and might change at any time
# (Use `node --trace-warnings ...` to show where the warning was created)
# Subtest: public prepare withholds dark opt-in when qualification is failed
ok 1 - public prepare withholds dark opt-in when qualification is failed
  ---
  duration_ms: 40.786024
  type: 'test'
  ...
# Subtest: public prepare withholds dark opt-in when qualification is blocked
ok 2 - public prepare withholds dark opt-in when qualification is blocked
  ---
  duration_ms: 26.672615
  type: 'test'
  ...
# Subtest: public prepare withholds dark opt-in when qualification is not_run
ok 3 - public prepare withholds dark opt-in when qualification is not_run
  ---
  duration_ms: 23.304019
  type: 'test'
  ...
# Subtest: public launch withholds dark opt-in when qualification has a defect
ok 4 - public launch withholds dark opt-in when qualification has a defect
  ---
  duration_ms: 18.692178
  type: 'test'
  ...
# Subtest: public prepare withholds tampered transition evidence from its configured authority
ok 5 - public prepare withholds tampered transition evidence from its configured authority
  ---
  duration_ms: 22.046558
  type: 'test'
  ...
# Subtest: public prepare withholds dark opt-in when production route qualification is failed
ok 6 - public prepare withholds dark opt-in when production route qualification is failed
  ---
  duration_ms: 23.146557
  type: 'test'
  ...
# Subtest: public prepare withholds dark opt-in when production route qualification is blocked
ok 7 - public prepare withholds dark opt-in when production route qualification is blocked
  ---
  duration_ms: 20.608051
  type: 'test'
  ...
# Subtest: public prepare withholds dark opt-in when production route qualification is not_run
ok 8 - public prepare withholds dark opt-in when production route qualification is not_run
  ---
  duration_ms: 23.762981
  type: 'test'
  ...
# Subtest: public module imports cannot mint phase-two generation authority
ok 9 - public module imports cannot mint phase-two generation authority
  ---
  duration_ms: 661.937498
  type: 'test'
  ...
# Subtest: public admission withholds qualification captured on another host
ok 10 - public admission withholds qualification captured on another host
  ---
  duration_ms: 746.065377
  type: 'test'
  ...
# Subtest: public dynamic prepare requires explicit dark opt-in
ok 11 - public dynamic prepare requires explicit dark opt-in
  ---
  duration_ms: 3.237002
  type: 'test'
  ...
# Subtest: public dynamic plans cannot classify a mixed feature and push graph as feature verify
ok 12 - public dynamic plans cannot classify a mixed feature and push graph as feature verify
  ---
  duration_ms: 3.082765
  type: 'test'
  ...
# Subtest: public feature verify rejects an exact-definition graph with a registered push executor
ok 13 - public feature verify rejects an exact-definition graph with a registered push executor
  ---
  duration_ms: 2.769365
  type: 'test'
  ...
# Subtest: public dynamic prepare with opt-in is unsupported
ok 14 - public dynamic prepare with opt-in is unsupported
  ---
  duration_ms: 2.468618
  type: 'test'
  ...
# Subtest: public launch with opt-in rejects a prepared dynamic plan
ok 15 - public launch with opt-in rejects a prepared dynamic plan
  ---
  duration_ms: 4.151168
  type: 'test'
  ...
# Subtest: public prepare requires explicit dark opt-in and classifies disabled scope
ok 16 - public prepare requires explicit dark opt-in and classifies disabled scope
  ---
  duration_ms: 2.915415
  type: 'test'
  ...
# Subtest: public launch cannot bypass disabled or unsupported release routes
ok 17 - public launch cannot bypass disabled or unsupported release routes
  ---
  duration_ms: 4.60063
  type: 'test'
  ...
# Subtest: public dark feature verify fails closed when its production operation is unavailable
ok 18 - public dark feature verify fails closed when its production operation is unavailable
  ---
  duration_ms: 2.598509
  type: 'test'
  ...
# Subtest: public local review rejects forged extra operation and delegate cards before launch
ok 19 - public local review rejects forged extra operation and delegate cards before launch
  ---
  duration_ms: 3.397369
  type: 'test'
  ...
# Subtest: public verify plans requiring unavailable setup or test operations are rejected before launch
ok 20 - public verify plans requiring unavailable setup or test operations are rejected before launch
  ---
  duration_ms: 3.227354
  type: 'test'
  ...
1..20
# tests 20
# suites 0
# pass 20
# fail 0
# cancelled 0
# skipped 0
# todo 0
# duration_ms 1735.082727
