TAP version 13
# Subtest: release content binds the governed candidate tree and declared base
ok 1 - release content binds the governed candidate tree and declared base
  ---
  duration_ms: 5.57611
  type: 'test'
  ...
# Subtest: release content validates from a fresh clone without synthesized Git objects
ok 2 - release content validates from a fresh clone without synthesized Git objects
  ---
  duration_ms: 987.391777
  type: 'test'
  ...
# Subtest: release-content generator excludes ignored files beneath governed prefixes
ok 3 - release-content generator excludes ignored files beneath governed prefixes
  ---
  duration_ms: 841.783363
  type: 'test'
  ...
# Subtest: Git tree derivation matches Git's nested object hashing and detects tampering
ok 4 - Git tree derivation matches Git's nested object hashing and detects tampering
  ---
  duration_ms: 16.176153
  type: 'test'
  ...
# Subtest: transition query rejects a release manifest with a missing governed file
ok 5 - transition query rejects a release manifest with a missing governed file
  ---
  duration_ms: 62.841068
  type: 'test'
  ...
# Subtest: transition query rejects candidate-tree bytes that differ from the worktree
ok 6 - transition query rejects candidate-tree bytes that differ from the worktree
  ---
  duration_ms: 849.560956
  type: 'test'
  ...
# Subtest: transition query rejects a wrong or unavailable candidate tree binding
ok 7 - transition query rejects a wrong or unavailable candidate tree binding
  ---
  duration_ms: 190.224589
  type: 'test'
  ...
# Subtest: transition query rejects an evidence symlink outside authority
ok 8 - transition query rejects an evidence symlink outside authority
  ---
  duration_ms: 57.551892
  type: 'test'
  ...
# Subtest: release-content reader rejects an external symlink before reading it
ok 9 - release-content reader rejects an external symlink before reading it
  ---
  duration_ms: 1.140585
  type: 'test'
  ...
1..9
# tests 9
# suites 0
# pass 9
# fail 0
# cancelled 0
# skipped 0
# todo 0
# duration_ms 3060.962209
