TAP version 13
# Subtest: public host and reboot admission schemas compile in strict mode
ok 1 - public host and reboot admission schemas compile in strict mode
  ---
  duration_ms: 220.09397
  type: 'test'
  ...
# Subtest: release transition contracts validate the managed manifest and receipt
ok 2 - release transition contracts validate the managed manifest and receipt
  ---
  duration_ms: 44.134569
  type: 'test'
  ...
# Subtest: public host schemas accept exact frames, status, and ordinary preparation
ok 3 - public host schemas accept exact frames, status, and ordinary preparation
  ---
  duration_ms: 35.571803
  type: 'test'
  ...
# Subtest: review inbox actions are closed public commands and materialize through their input templates
ok 4 - review inbox actions are closed public commands and materialize through their input templates
  ---
  duration_ms: 210.103787
  type: 'test'
  ...
# Subtest: delegate input envelope schemas compile in strict mode
ok 5 - delegate input envelope schemas compile in strict mode
  ---
  duration_ms: 30.68334
  type: 'test'
  ...
# Subtest: delegate task-input schema rejects forbidden aliases recursively
ok 6 - delegate task-input schema rejects forbidden aliases recursively
  ---
  duration_ms: 8.880936
  type: 'test'
  ...
# Subtest: delegate failure observation schema is strict and preserves operator fields
ok 7 - delegate failure observation schema is strict and preserves operator fields
  ---
  duration_ms: 6.639912
  type: 'test'
  ...
# Subtest: predecessor evidence schema branches reject unknown fields
ok 8 - predecessor evidence schema branches reject unknown fields
  ---
  duration_ms: 13.025771
  type: 'test'
  ...
# Subtest: delegate resource selection schema is plan-time ID-only
ok 9 - delegate resource selection schema is plan-time ID-only
  ---
  duration_ms: 9.19593
  type: 'test'
  ...
# Subtest: authority observations require their binding observation input
ok 10 - authority observations require their binding observation input
  ---
  duration_ms: 7.9447
  type: 'test'
  ...
# Subtest: Flow description schema accepts the current Drovr description shape
ok 11 - Flow description schema accepts the current Drovr description shape
  ---
  duration_ms: 21.002569
  type: 'test'
  ...
# (node:1466836) ExperimentalWarning: SQLite is an experimental feature and might change at any time
# (Use `node --trace-warnings ...` to show where the warning was created)
# Subtest: published Flow projections satisfy their JSON schemas
ok 12 - published Flow projections satisfy their JSON schemas
  ---
  duration_ms: 572.240906
  type: 'test'
  ...
1..12
# tests 12
# suites 0
# pass 12
# fail 0
# cancelled 0
# skipped 0
# todo 0
# duration_ms 1274.811863
