TAP version 13
# Subtest: public host and reboot admission schemas compile in strict mode
ok 1 - public host and reboot admission schemas compile in strict mode
  ---
  duration_ms: 240.759776
  type: 'test'
  ...
# Subtest: release transition contracts validate the managed manifest and receipt
ok 2 - release transition contracts validate the managed manifest and receipt
  ---
  duration_ms: 45.106722
  type: 'test'
  ...
# Subtest: public host schemas accept exact frames, status, and ordinary preparation
ok 3 - public host schemas accept exact frames, status, and ordinary preparation
  ---
  duration_ms: 36.917709
  type: 'test'
  ...
# Subtest: review inbox actions are closed public commands and materialize through their input templates
ok 4 - review inbox actions are closed public commands and materialize through their input templates
  ---
  duration_ms: 220.655069
  type: 'test'
  ...
# Subtest: delegate input envelope schemas compile in strict mode
ok 5 - delegate input envelope schemas compile in strict mode
  ---
  duration_ms: 31.703973
  type: 'test'
  ...
# Subtest: delegate task-input schema rejects forbidden aliases recursively
ok 6 - delegate task-input schema rejects forbidden aliases recursively
  ---
  duration_ms: 10.509306
  type: 'test'
  ...
# Subtest: delegate failure observation schema is strict and preserves operator fields
ok 7 - delegate failure observation schema is strict and preserves operator fields
  ---
  duration_ms: 8.437204
  type: 'test'
  ...
# Subtest: predecessor evidence schema branches reject unknown fields
ok 8 - predecessor evidence schema branches reject unknown fields
  ---
  duration_ms: 13.067658
  type: 'test'
  ...
# Subtest: delegate resource selection schema is plan-time ID-only
ok 9 - delegate resource selection schema is plan-time ID-only
  ---
  duration_ms: 9.730121
  type: 'test'
  ...
# Subtest: authority observations require their binding observation input
ok 10 - authority observations require their binding observation input
  ---
  duration_ms: 9.17989
  type: 'test'
  ...
# Subtest: Flow description schema accepts the current Drovr description shape
ok 11 - Flow description schema accepts the current Drovr description shape
  ---
  duration_ms: 21.345447
  type: 'test'
  ...
# (node:175654) ExperimentalWarning: SQLite is an experimental feature and might change at any time
# (Use `node --trace-warnings ...` to show where the warning was created)
# Subtest: published Flow projections satisfy their JSON schemas
ok 12 - published Flow projections satisfy their JSON schemas
  ---
  duration_ms: 752.356571
  type: 'test'
  ...
1..12
# tests 12
# suites 0
# pass 12
# fail 0
# cancelled 0
# skipped 0
# todo 0
# duration_ms 1524.271493
